{
  "id": "manifest",
  "$ref": "#/types/WebExtensionManifest",
  "permissions": [],
  "definitions": {},
  "refs": {},
  "types": {
    "Permission": {
      "anyOf": [
        {
          "type": "string",
          "enum": [
            "alarms",
            "clipboardRead",
            "clipboardWrite",
            "geolocation",
            "idle",
            "notifications",
            "storage"
          ]
        },
        { "$ref": "#/types/MatchPattern" },
        { "$ref": "cookies#/definitions/Permission" }
      ]
    }
  }
}
